// Jest Snapshot v1, https://goo.gl/fbAQLP

exports[`Pulls component renders Pulls 1`] = `<ul />`;
